2020-12-23 11:31:49,241 - log_app - INFO - log message num: 0
2020-12-23 11:31:49,546 - log_app - INFO - log message num: 1
2020-12-23 11:31:49,849 - log_app - INFO - log message num: 2
2020-12-23 11:31:50,151 - log_app - INFO - log message num: 3
2020-12-23 11:31:50,454 - log_app - INFO - log message num: 4
2020-12-23 11:31:50,757 - log_app - INFO - log message num: 5
2020-12-23 11:31:51,061 - log_app - INFO - log message num: 6
2020-12-23 11:31:51,366 - log_app - INFO - log message num: 7
2020-12-23 11:31:51,667 - log_app - INFO - log message num: 8
2020-12-23 11:31:51,973 - log_app - INFO - log message num: 9
2020-12-23 11:31:52,277 - log_app - INFO - log message num: 10
2020-12-23 11:31:52,580 - log_app - INFO - log message num: 11
2020-12-23 11:31:52,883 - log_app - INFO - log message num: 12
2020-12-23 11:31:53,184 - log_app - INFO - log message num: 13
2020-12-23 11:31:53,488 - log_app - INFO - log message num: 14
2020-12-23 11:31:53,792 - log_app - INFO - log message num: 15
2020-12-23 11:31:54,095 - log_app - INFO - log message num: 16
2020-12-23 11:31:54,399 - log_app - INFO - log message num: 17
2020-12-23 11:31:54,701 - log_app - INFO - log message num: 18
2020-12-23 11:31:55,003 - log_app - INFO - log message num: 19
2020-12-23 11:31:55,303 - log_app - INFO - log message num: 20
2020-12-23 11:31:55,604 - log_app - INFO - log message num: 21
2020-12-23 11:31:55,907 - log_app - INFO - log message num: 22
2020-12-23 11:31:56,208 - log_app - INFO - log message num: 23
2020-12-23 11:31:56,512 - log_app - INFO - log message num: 24
2020-12-23 11:31:56,813 - log_app - INFO - log message num: 25
2020-12-23 11:31:57,118 - log_app - INFO - log message num: 26
2020-12-23 11:31:57,420 - log_app - INFO - log message num: 27
2020-12-23 11:31:57,720 - log_app - INFO - log message num: 28
2020-12-23 11:31:58,023 - log_app - INFO - log message num: 29
2020-12-23 11:31:58,328 - log_app - INFO - log message num: 30
2020-12-23 11:31:58,629 - log_app - INFO - log message num: 31
2020-12-23 11:31:58,934 - log_app - INFO - log message num: 32
2020-12-23 11:31:59,238 - log_app - INFO - log message num: 33
2020-12-23 11:31:59,540 - log_app - INFO - log message num: 34
2020-12-23 11:31:59,842 - log_app - INFO - log message num: 35
2020-12-23 11:32:00,143 - log_app - INFO - log message num: 36
2020-12-23 11:32:00,446 - log_app - INFO - log message num: 37
2020-12-23 11:32:00,748 - log_app - INFO - log message num: 38
2020-12-23 11:32:01,050 - log_app - INFO - log message num: 39
2020-12-23 11:32:01,354 - log_app - INFO - log message num: 40
2020-12-23 11:32:01,656 - log_app - INFO - log message num: 41
2020-12-23 11:32:01,957 - log_app - INFO - log message num: 42
2020-12-23 11:32:02,262 - log_app - INFO - log message num: 43
2020-12-23 11:32:02,566 - log_app - INFO - log message num: 44
2020-12-23 11:32:02,868 - log_app - INFO - log message num: 45
2020-12-23 11:32:03,174 - log_app - INFO - log message num: 46
2020-12-23 11:32:03,476 - log_app - INFO - log message num: 47
2020-12-23 11:32:03,780 - log_app - INFO - log message num: 48
2020-12-23 11:32:04,080 - log_app - INFO - log message num: 49
2020-12-23 11:32:04,383 - log_app - INFO - log message num: 50
2020-12-23 11:32:04,686 - log_app - INFO - log message num: 51
2020-12-23 11:32:04,990 - log_app - INFO - log message num: 52
2020-12-23 11:32:05,292 - log_app - INFO - log message num: 53
2020-12-23 11:32:05,596 - log_app - INFO - log message num: 54
2020-12-23 11:32:05,899 - log_app - INFO - log message num: 55
2020-12-23 11:32:06,202 - log_app - INFO - log message num: 56
2020-12-23 11:32:06,503 - log_app - INFO - log message num: 57
2020-12-23 11:32:06,808 - log_app - INFO - log message num: 58
2020-12-23 11:32:07,109 - log_app - INFO - log message num: 59
2020-12-23 11:32:07,411 - log_app - INFO - log message num: 60
2020-12-23 11:32:07,714 - log_app - INFO - log message num: 61
2020-12-23 11:32:08,018 - log_app - INFO - log message num: 62
2020-12-23 11:32:08,322 - log_app - INFO - log message num: 63
2020-12-23 11:32:08,624 - log_app - INFO - log message num: 64
2020-12-23 11:32:08,933 - log_app - INFO - log message num: 65
2020-12-23 11:32:09,235 - log_app - INFO - log message num: 66
2020-12-23 11:32:09,538 - log_app - INFO - log message num: 67
2020-12-23 11:32:09,839 - log_app - INFO - log message num: 68
2020-12-23 11:32:10,145 - log_app - INFO - log message num: 69
2020-12-23 11:32:10,450 - log_app - INFO - log message num: 70
2020-12-23 11:32:10,753 - log_app - INFO - log message num: 71
2020-12-23 11:32:11,055 - log_app - INFO - log message num: 72
2020-12-23 11:32:11,356 - log_app - INFO - log message num: 73
2020-12-23 11:32:11,658 - log_app - INFO - log message num: 74
2020-12-23 11:32:11,960 - log_app - INFO - log message num: 75
2020-12-23 11:32:12,263 - log_app - INFO - log message num: 76
2020-12-23 11:32:12,568 - log_app - INFO - log message num: 77
2020-12-23 11:32:12,868 - log_app - INFO - log message num: 78
2020-12-23 11:32:13,172 - log_app - INFO - log message num: 79
2020-12-23 11:32:13,474 - log_app - INFO - log message num: 80
2020-12-23 11:32:13,778 - log_app - INFO - log message num: 81
2020-12-23 11:32:14,083 - log_app - INFO - log message num: 82
2020-12-23 11:32:14,386 - log_app - INFO - log message num: 83
2020-12-23 11:32:14,691 - log_app - INFO - log message num: 84
2020-12-23 11:32:14,993 - log_app - INFO - log message num: 85
2020-12-23 11:32:15,295 - log_app - INFO - log message num: 86
2020-12-23 11:32:15,597 - log_app - INFO - log message num: 87
2020-12-23 11:32:15,899 - log_app - INFO - log message num: 88
2020-12-23 11:32:16,203 - log_app - INFO - log message num: 89
2020-12-23 11:32:16,506 - log_app - INFO - log message num: 90
2020-12-23 11:32:16,809 - log_app - INFO - log message num: 91
2020-12-23 11:32:17,112 - log_app - INFO - log message num: 92
2020-12-23 11:32:17,417 - log_app - INFO - log message num: 93
2020-12-23 11:32:17,718 - log_app - INFO - log message num: 94
2020-12-23 11:32:18,019 - log_app - INFO - log message num: 95
2020-12-23 11:32:18,324 - log_app - INFO - log message num: 96
2020-12-23 11:32:18,628 - log_app - INFO - log message num: 97
2020-12-23 11:32:18,932 - log_app - INFO - log message num: 98
2020-12-23 11:32:19,235 - log_app - INFO - log message num: 99
2020-12-23 11:32:19,540 - log_app - INFO - log message num: 100
2020-12-23 11:32:19,841 - log_app - INFO - log message num: 101
2020-12-23 11:32:20,146 - log_app - INFO - log message num: 102
2020-12-23 11:32:20,447 - log_app - INFO - log message num: 103
2020-12-23 11:32:20,752 - log_app - INFO - log message num: 104
2020-12-23 11:32:21,052 - log_app - INFO - log message num: 105
2020-12-23 11:32:21,356 - log_app - INFO - log message num: 106
2020-12-23 11:32:21,659 - log_app - INFO - log message num: 107
2020-12-23 11:32:21,964 - log_app - INFO - log message num: 108
2020-12-23 11:32:22,268 - log_app - INFO - log message num: 109
2020-12-23 11:32:22,571 - log_app - INFO - log message num: 110
2020-12-23 11:32:22,874 - log_app - INFO - log message num: 111
2020-12-23 11:32:23,178 - log_app - INFO - log message num: 112
2020-12-23 11:32:23,482 - log_app - INFO - log message num: 113
2020-12-23 11:32:23,787 - log_app - INFO - log message num: 114
2020-12-23 11:32:24,089 - log_app - INFO - log message num: 115
2020-12-23 11:32:24,392 - log_app - INFO - log message num: 116
2020-12-23 11:32:24,695 - log_app - INFO - log message num: 117
2020-12-23 11:32:25,000 - log_app - INFO - log message num: 118
2020-12-23 11:32:25,303 - log_app - INFO - log message num: 119
2020-12-23 11:32:25,605 - log_app - INFO - log message num: 120
2020-12-23 11:32:25,907 - log_app - INFO - log message num: 121
2020-12-23 11:32:26,211 - log_app - INFO - log message num: 122
2020-12-23 11:32:26,513 - log_app - INFO - log message num: 123
2020-12-23 11:32:26,814 - log_app - INFO - log message num: 124
2020-12-23 11:32:27,115 - log_app - INFO - log message num: 125
2020-12-23 11:32:27,416 - log_app - INFO - log message num: 126
2020-12-23 11:32:27,718 - log_app - INFO - log message num: 127
2020-12-23 11:32:28,022 - log_app - INFO - log message num: 128
2020-12-23 11:32:28,326 - log_app - INFO - log message num: 129
2020-12-23 11:32:28,628 - log_app - INFO - log message num: 130
2020-12-23 11:32:28,929 - log_app - INFO - log message num: 131
2020-12-23 11:32:29,234 - log_app - INFO - log message num: 132
2020-12-23 11:32:29,535 - log_app - INFO - log message num: 133
2020-12-23 11:32:29,843 - log_app - INFO - log message num: 134
2020-12-23 11:32:30,147 - log_app - INFO - log message num: 135
2020-12-23 11:32:30,447 - log_app - INFO - log message num: 136
2020-12-23 11:32:30,748 - log_app - INFO - log message num: 137
2020-12-23 11:32:31,050 - log_app - INFO - log message num: 138
2020-12-23 11:32:31,356 - log_app - INFO - log message num: 139
2020-12-23 11:32:31,657 - log_app - INFO - log message num: 140
2020-12-23 11:32:31,960 - log_app - INFO - log message num: 141
2020-12-23 11:32:32,264 - log_app - INFO - log message num: 142
2020-12-23 11:32:32,571 - log_app - INFO - log message num: 143
2020-12-23 11:32:32,873 - log_app - INFO - log message num: 144
2020-12-23 11:32:33,177 - log_app - INFO - log message num: 145
2020-12-23 11:32:33,481 - log_app - INFO - log message num: 146
2020-12-23 11:32:33,785 - log_app - INFO - log message num: 147
2020-12-23 11:32:34,090 - log_app - INFO - log message num: 148
2020-12-23 11:32:34,394 - log_app - INFO - log message num: 149
2020-12-23 11:32:34,699 - log_app - INFO - log message num: 150
2020-12-23 11:32:35,004 - log_app - INFO - log message num: 151
2020-12-23 11:32:35,305 - log_app - INFO - log message num: 152
2020-12-23 11:32:35,608 - log_app - INFO - log message num: 153
2020-12-23 11:32:35,912 - log_app - INFO - log message num: 154
2020-12-23 11:32:36,213 - log_app - INFO - log message num: 155
2020-12-23 11:32:36,518 - log_app - INFO - log message num: 156
2020-12-23 11:32:36,821 - log_app - INFO - log message num: 157
2020-12-23 11:32:37,126 - log_app - INFO - log message num: 158
2020-12-23 11:32:37,427 - log_app - INFO - log message num: 159
2020-12-23 11:32:37,732 - log_app - INFO - log message num: 160
2020-12-23 11:32:38,034 - log_app - INFO - log message num: 161
2020-12-23 11:32:38,335 - log_app - INFO - log message num: 162
2020-12-23 11:32:38,643 - log_app - INFO - log message num: 163
2020-12-23 11:32:38,944 - log_app - INFO - log message num: 164
2020-12-23 11:32:39,249 - log_app - INFO - log message num: 165
2020-12-23 11:32:39,552 - log_app - INFO - log message num: 166
2020-12-23 11:32:39,854 - log_app - INFO - log message num: 167
2020-12-23 11:32:40,156 - log_app - INFO - log message num: 168
2020-12-23 11:32:40,460 - log_app - INFO - log message num: 169
2020-12-23 11:32:40,762 - log_app - INFO - log message num: 170
2020-12-23 11:32:41,070 - log_app - INFO - log message num: 171
2020-12-23 11:32:41,373 - log_app - INFO - log message num: 172
2020-12-23 11:32:41,676 - log_app - INFO - log message num: 173
2020-12-23 11:32:41,980 - log_app - INFO - log message num: 174
2020-12-23 11:32:42,285 - log_app - INFO - log message num: 175
2020-12-23 11:32:42,588 - log_app - INFO - log message num: 176
2020-12-23 11:32:42,892 - log_app - INFO - log message num: 177
2020-12-23 11:32:43,198 - log_app - INFO - log message num: 178
2020-12-23 11:32:43,503 - log_app - INFO - log message num: 179
2020-12-23 11:32:43,806 - log_app - INFO - log message num: 180
2020-12-23 11:32:44,110 - log_app - INFO - log message num: 181
2020-12-23 11:32:44,410 - log_app - INFO - log message num: 182
2020-12-23 11:32:44,711 - log_app - INFO - log message num: 183
2020-12-23 11:32:45,016 - log_app - INFO - log message num: 184
2020-12-23 11:32:45,320 - log_app - INFO - log message num: 185
2020-12-23 11:32:45,621 - log_app - INFO - log message num: 186
2020-12-23 11:32:45,927 - log_app - INFO - log message num: 187
2020-12-23 11:32:46,231 - log_app - INFO - log message num: 188
2020-12-23 11:32:46,531 - log_app - INFO - log message num: 189
2020-12-23 11:32:46,834 - log_app - INFO - log message num: 190
2020-12-23 11:32:47,139 - log_app - INFO - log message num: 191
2020-12-23 11:32:47,442 - log_app - INFO - log message num: 192
2020-12-23 11:32:47,747 - log_app - INFO - log message num: 193
2020-12-23 11:32:48,048 - log_app - INFO - log message num: 194
2020-12-23 11:32:48,350 - log_app - INFO - log message num: 195
2020-12-23 11:32:48,651 - log_app - INFO - log message num: 196
2020-12-23 11:32:48,953 - log_app - INFO - log message num: 197
2020-12-23 11:32:49,254 - log_app - INFO - log message num: 198
2020-12-23 11:32:49,558 - log_app - INFO - log message num: 199
2020-12-23 11:32:49,860 - log_app - INFO - log message num: 200
2020-12-23 11:32:50,163 - log_app - INFO - log message num: 201
2020-12-23 11:32:50,465 - log_app - INFO - log message num: 202
2020-12-23 11:32:50,772 - log_app - INFO - log message num: 203
2020-12-23 11:32:51,073 - log_app - INFO - log message num: 204
2020-12-23 11:32:51,378 - log_app - INFO - log message num: 205
2020-12-23 11:32:51,679 - log_app - INFO - log message num: 206
2020-12-23 11:32:51,980 - log_app - INFO - log message num: 207
2020-12-23 11:32:52,283 - log_app - INFO - log message num: 208
2020-12-23 11:32:52,587 - log_app - INFO - log message num: 209
2020-12-23 11:32:52,889 - log_app - INFO - log message num: 210
2020-12-23 11:32:53,191 - log_app - INFO - log message num: 211
2020-12-23 11:32:53,493 - log_app - INFO - log message num: 212
2020-12-23 11:32:53,798 - log_app - INFO - log message num: 213
2020-12-23 11:32:54,101 - log_app - INFO - log message num: 214
2020-12-23 11:32:54,403 - log_app - INFO - log message num: 215
2020-12-23 11:32:54,704 - log_app - INFO - log message num: 216
2020-12-23 11:32:55,005 - log_app - INFO - log message num: 217
2020-12-23 11:32:55,306 - log_app - INFO - log message num: 218
2020-12-23 11:32:55,606 - log_app - INFO - log message num: 219
2020-12-23 11:32:55,917 - log_app - INFO - log message num: 220
2020-12-23 11:32:56,222 - log_app - INFO - log message num: 221
2020-12-23 11:32:56,525 - log_app - INFO - log message num: 222
2020-12-23 11:32:56,829 - log_app - INFO - log message num: 223
2020-12-23 11:32:57,132 - log_app - INFO - log message num: 224
2020-12-23 11:32:57,433 - log_app - INFO - log message num: 225
2020-12-23 11:32:57,736 - log_app - INFO - log message num: 226
2020-12-23 11:32:58,037 - log_app - INFO - log message num: 227
2020-12-23 11:32:58,337 - log_app - INFO - log message num: 228
2020-12-23 11:32:58,638 - log_app - INFO - log message num: 229
2020-12-23 11:32:58,940 - log_app - INFO - log message num: 230
2020-12-23 11:32:59,243 - log_app - INFO - log message num: 231
2020-12-23 11:32:59,545 - log_app - INFO - log message num: 232
2020-12-23 11:32:59,846 - log_app - INFO - log message num: 233
2020-12-23 11:33:00,147 - log_app - INFO - log message num: 234
2020-12-23 11:33:00,451 - log_app - INFO - log message num: 235
2020-12-23 11:33:00,753 - log_app - INFO - log message num: 236
2020-12-23 11:33:01,053 - log_app - INFO - log message num: 237
2020-12-23 11:33:01,355 - log_app - INFO - log message num: 238
2020-12-23 11:33:01,655 - log_app - INFO - log message num: 239
2020-12-23 11:33:01,956 - log_app - INFO - log message num: 240
2020-12-23 11:33:02,257 - log_app - INFO - log message num: 241
2020-12-23 11:33:02,558 - log_app - INFO - log message num: 242
2020-12-23 11:33:02,861 - log_app - INFO - log message num: 243
2020-12-23 11:33:03,165 - log_app - INFO - log message num: 244
2020-12-23 11:33:03,469 - log_app - INFO - log message num: 245
2020-12-23 11:33:03,772 - log_app - INFO - log message num: 246
2020-12-23 11:33:04,072 - log_app - INFO - log message num: 247
2020-12-23 11:33:04,377 - log_app - INFO - log message num: 248
2020-12-23 11:33:04,681 - log_app - INFO - log message num: 249
2020-12-23 11:33:04,985 - log_app - INFO - log message num: 250
2020-12-23 11:33:05,289 - log_app - INFO - log message num: 251
2020-12-23 11:33:05,591 - log_app - INFO - log message num: 252
2020-12-23 11:33:05,892 - log_app - INFO - log message num: 253
2020-12-23 11:33:06,196 - log_app - INFO - log message num: 254
2020-12-23 11:33:06,497 - log_app - INFO - log message num: 255
2020-12-23 11:33:06,799 - log_app - INFO - log message num: 256
2020-12-23 11:33:07,100 - log_app - INFO - log message num: 257
2020-12-23 11:33:07,402 - log_app - INFO - log message num: 258
2020-12-23 11:33:07,704 - log_app - INFO - log message num: 259
2020-12-23 11:33:08,006 - log_app - INFO - log message num: 260
2020-12-23 11:33:08,307 - log_app - INFO - log message num: 261
2020-12-23 11:33:08,612 - log_app - INFO - log message num: 262
2020-12-23 11:33:08,913 - log_app - INFO - log message num: 263
2020-12-23 11:33:09,214 - log_app - INFO - log message num: 264
2020-12-23 11:33:09,519 - log_app - INFO - log message num: 265
2020-12-23 11:33:09,823 - log_app - INFO - log message num: 266
2020-12-23 11:33:10,125 - log_app - INFO - log message num: 267
2020-12-23 11:33:10,429 - log_app - INFO - log message num: 268
2020-12-23 11:33:10,731 - log_app - INFO - log message num: 269
2020-12-23 11:33:11,037 - log_app - INFO - log message num: 270
2020-12-23 11:33:11,338 - log_app - INFO - log message num: 271
2020-12-23 11:33:11,642 - log_app - INFO - log message num: 272
2020-12-23 11:33:11,946 - log_app - INFO - log message num: 273
2020-12-23 11:33:12,247 - log_app - INFO - log message num: 274
2020-12-23 11:33:12,552 - log_app - INFO - log message num: 275
2020-12-23 11:33:12,855 - log_app - INFO - log message num: 276
2020-12-23 11:33:13,161 - log_app - INFO - log message num: 277
2020-12-23 11:33:13,465 - log_app - INFO - log message num: 278
2020-12-23 11:33:13,769 - log_app - INFO - log message num: 279
2020-12-23 11:33:14,070 - log_app - INFO - log message num: 280
2020-12-23 11:33:14,371 - log_app - INFO - log message num: 281
2020-12-23 11:33:14,673 - log_app - INFO - log message num: 282
2020-12-23 11:33:14,975 - log_app - INFO - log message num: 283
2020-12-23 11:33:15,276 - log_app - INFO - log message num: 284
2020-12-23 11:33:15,579 - log_app - INFO - log message num: 285
2020-12-23 11:33:15,881 - log_app - INFO - log message num: 286
2020-12-23 11:33:16,183 - log_app - INFO - log message num: 287
2020-12-23 11:33:16,483 - log_app - INFO - log message num: 288
2020-12-23 11:33:16,786 - log_app - INFO - log message num: 289
2020-12-23 11:33:17,088 - log_app - INFO - log message num: 290
2020-12-23 11:33:17,390 - log_app - INFO - log message num: 291
2020-12-23 11:33:17,694 - log_app - INFO - log message num: 292
2020-12-23 11:33:17,997 - log_app - INFO - log message num: 293
2020-12-23 11:33:18,299 - log_app - INFO - log message num: 294
2020-12-23 11:33:18,604 - log_app - INFO - log message num: 295
2020-12-23 11:33:18,909 - log_app - INFO - log message num: 296
2020-12-23 11:33:19,209 - log_app - INFO - log message num: 297
2020-12-23 11:33:19,513 - log_app - INFO - log message num: 298
2020-12-23 11:33:19,813 - log_app - INFO - log message num: 299
2020-12-23 11:33:20,118 - log_app - INFO - log message num: 300
2020-12-23 11:33:20,421 - log_app - INFO - log message num: 301
2020-12-23 11:33:20,724 - log_app - INFO - log message num: 302
2020-12-23 11:33:21,029 - log_app - INFO - log message num: 303
2020-12-23 11:33:21,335 - log_app - INFO - log message num: 304
2020-12-23 11:33:21,638 - log_app - INFO - log message num: 305
2020-12-23 11:33:21,942 - log_app - INFO - log message num: 306
2020-12-23 11:33:22,246 - log_app - INFO - log message num: 307
2020-12-23 11:33:22,550 - log_app - INFO - log message num: 308
2020-12-23 11:33:22,853 - log_app - INFO - log message num: 309
2020-12-23 11:33:23,158 - log_app - INFO - log message num: 310
2020-12-23 11:33:23,462 - log_app - INFO - log message num: 311
2020-12-23 11:33:23,768 - log_app - INFO - log message num: 312
2020-12-23 11:33:24,070 - log_app - INFO - log message num: 313
2020-12-23 11:33:24,375 - log_app - INFO - log message num: 314
2020-12-23 11:33:24,679 - log_app - INFO - log message num: 315
2020-12-23 11:33:24,980 - log_app - INFO - log message num: 316
2020-12-23 11:33:25,284 - log_app - INFO - log message num: 317
2020-12-23 11:33:25,587 - log_app - INFO - log message num: 318
2020-12-23 11:33:25,892 - log_app - INFO - log message num: 319
2020-12-23 11:33:26,196 - log_app - INFO - log message num: 320
2020-12-23 11:33:26,500 - log_app - INFO - log message num: 321
2020-12-23 11:33:26,805 - log_app - INFO - log message num: 322
2020-12-23 11:33:27,105 - log_app - INFO - log message num: 323
2020-12-23 11:33:27,406 - log_app - INFO - log message num: 324
2020-12-23 11:33:27,711 - log_app - INFO - log message num: 325
2020-12-23 11:33:28,012 - log_app - INFO - log message num: 326
2020-12-23 11:33:28,316 - log_app - INFO - log message num: 327
2020-12-23 11:33:28,619 - log_app - INFO - log message num: 328
2020-12-23 11:33:28,923 - log_app - INFO - log message num: 329
2020-12-23 11:33:29,225 - log_app - INFO - log message num: 330
2020-12-23 11:33:29,530 - log_app - INFO - log message num: 331
2020-12-23 11:33:29,831 - log_app - INFO - log message num: 332
2020-12-23 11:33:30,135 - log_app - INFO - log message num: 333
2020-12-23 11:33:30,438 - log_app - INFO - log message num: 334
2020-12-23 11:33:30,743 - log_app - INFO - log message num: 335
2020-12-23 11:33:31,044 - log_app - INFO - log message num: 336
2020-12-23 11:33:31,345 - log_app - INFO - log message num: 337
2020-12-23 11:33:31,648 - log_app - INFO - log message num: 338
2020-12-23 11:33:31,950 - log_app - INFO - log message num: 339
2020-12-23 11:33:32,255 - log_app - INFO - log message num: 340
2020-12-23 11:33:32,558 - log_app - INFO - log message num: 341
2020-12-23 11:33:32,862 - log_app - INFO - log message num: 342
2020-12-23 11:33:33,165 - log_app - INFO - log message num: 343
2020-12-23 11:33:33,466 - log_app - INFO - log message num: 344
2020-12-23 11:33:33,767 - log_app - INFO - log message num: 345
2020-12-23 11:33:34,072 - log_app - INFO - log message num: 346
2020-12-23 11:33:34,377 - log_app - INFO - log message num: 347
2020-12-23 11:33:34,677 - log_app - INFO - log message num: 348
2020-12-23 11:33:34,978 - log_app - INFO - log message num: 349
2020-12-23 11:33:35,283 - log_app - INFO - log message num: 350
2020-12-23 11:33:35,584 - log_app - INFO - log message num: 351
2020-12-23 11:33:35,885 - log_app - INFO - log message num: 352
2020-12-23 11:33:36,187 - log_app - INFO - log message num: 353
2020-12-23 11:33:36,491 - log_app - INFO - log message num: 354
2020-12-23 11:33:36,798 - log_app - INFO - log message num: 355
2020-12-23 11:33:37,101 - log_app - INFO - log message num: 356
2020-12-23 11:33:37,406 - log_app - INFO - log message num: 357
2020-12-23 11:33:37,710 - log_app - INFO - log message num: 358
2020-12-23 11:33:38,013 - log_app - INFO - log message num: 359
2020-12-23 11:33:38,316 - log_app - INFO - log message num: 360
2020-12-23 11:33:38,620 - log_app - INFO - log message num: 361
2020-12-23 11:33:38,923 - log_app - INFO - log message num: 362
2020-12-23 11:33:39,224 - log_app - INFO - log message num: 363
2020-12-23 11:33:39,529 - log_app - INFO - log message num: 364
2020-12-23 11:33:39,830 - log_app - INFO - log message num: 365
2020-12-23 11:33:40,130 - log_app - INFO - log message num: 366
2020-12-23 11:33:40,433 - log_app - INFO - log message num: 367
2020-12-23 11:33:40,738 - log_app - INFO - log message num: 368
2020-12-23 11:33:41,042 - log_app - INFO - log message num: 369
2020-12-23 11:33:41,343 - log_app - INFO - log message num: 370
2020-12-23 11:33:41,647 - log_app - INFO - log message num: 371
2020-12-23 11:33:41,953 - log_app - INFO - log message num: 372
2020-12-23 11:33:42,258 - log_app - INFO - log message num: 373
2020-12-23 11:33:42,563 - log_app - INFO - log message num: 374
2020-12-23 11:33:42,869 - log_app - INFO - log message num: 375
2020-12-23 11:33:43,173 - log_app - INFO - log message num: 376
2020-12-23 11:33:43,476 - log_app - INFO - log message num: 377
2020-12-23 11:33:43,780 - log_app - INFO - log message num: 378
2020-12-23 11:33:44,081 - log_app - INFO - log message num: 379
2020-12-23 11:33:44,382 - log_app - INFO - log message num: 380
2020-12-23 11:33:44,685 - log_app - INFO - log message num: 381
2020-12-23 11:33:44,986 - log_app - INFO - log message num: 382
2020-12-23 11:33:45,289 - log_app - INFO - log message num: 383
2020-12-23 11:33:45,589 - log_app - INFO - log message num: 384
2020-12-23 11:33:45,891 - log_app - INFO - log message num: 385
2020-12-23 11:33:46,194 - log_app - INFO - log message num: 386
2020-12-23 11:33:46,497 - log_app - INFO - log message num: 387
2020-12-23 11:33:46,798 - log_app - INFO - log message num: 388
2020-12-23 11:33:47,102 - log_app - INFO - log message num: 389
2020-12-23 11:33:47,403 - log_app - INFO - log message num: 390
2020-12-23 11:33:47,707 - log_app - INFO - log message num: 391
2020-12-23 11:33:48,010 - log_app - INFO - log message num: 392
2020-12-23 11:33:48,314 - log_app - INFO - log message num: 393
2020-12-23 11:33:48,618 - log_app - INFO - log message num: 394
2020-12-23 11:33:48,923 - log_app - INFO - log message num: 395
2020-12-23 11:33:49,228 - log_app - INFO - log message num: 396
2020-12-23 11:33:49,529 - log_app - INFO - log message num: 397
2020-12-23 11:33:49,830 - log_app - INFO - log message num: 398
2020-12-23 11:33:50,132 - log_app - INFO - log message num: 399
2020-12-23 11:33:50,435 - log_app - INFO - log message num: 400
2020-12-23 11:33:50,742 - log_app - INFO - log message num: 401
2020-12-23 11:33:51,042 - log_app - INFO - log message num: 402
2020-12-23 11:33:51,344 - log_app - INFO - log message num: 403
2020-12-23 11:33:51,644 - log_app - INFO - log message num: 404
2020-12-23 11:33:51,949 - log_app - INFO - log message num: 405
2020-12-23 11:33:52,253 - log_app - INFO - log message num: 406
2020-12-23 11:33:52,556 - log_app - INFO - log message num: 407
2020-12-23 11:33:52,860 - log_app - INFO - log message num: 408
2020-12-23 11:33:53,161 - log_app - INFO - log message num: 409
2020-12-23 11:33:53,465 - log_app - INFO - log message num: 410
2020-12-23 11:33:53,766 - log_app - INFO - log message num: 411
2020-12-23 11:33:54,067 - log_app - INFO - log message num: 412
2020-12-23 11:33:54,373 - log_app - INFO - log message num: 413
2020-12-23 11:33:54,677 - log_app - INFO - log message num: 414
2020-12-23 11:33:54,981 - log_app - INFO - log message num: 415
2020-12-23 11:33:55,283 - log_app - INFO - log message num: 416
2020-12-23 11:33:55,585 - log_app - INFO - log message num: 417
2020-12-23 11:33:55,886 - log_app - INFO - log message num: 418
2020-12-23 11:33:56,189 - log_app - INFO - log message num: 419
2020-12-23 11:33:56,490 - log_app - INFO - log message num: 420
2020-12-23 11:33:56,794 - log_app - INFO - log message num: 421
2020-12-23 11:33:57,099 - log_app - INFO - log message num: 422
2020-12-23 11:33:57,400 - log_app - INFO - log message num: 423
2020-12-23 11:33:57,700 - log_app - INFO - log message num: 424
2020-12-23 11:33:58,005 - log_app - INFO - log message num: 425
2020-12-23 11:33:58,305 - log_app - INFO - log message num: 426
2020-12-23 11:33:58,608 - log_app - INFO - log message num: 427
2020-12-23 11:33:58,909 - log_app - INFO - log message num: 428
2020-12-23 11:33:59,211 - log_app - INFO - log message num: 429
2020-12-23 11:33:59,515 - log_app - INFO - log message num: 430
2020-12-23 11:33:59,819 - log_app - INFO - log message num: 431
2020-12-23 11:34:00,120 - log_app - INFO - log message num: 432
2020-12-23 11:34:00,425 - log_app - INFO - log message num: 433
2020-12-23 11:34:00,726 - log_app - INFO - log message num: 434
2020-12-23 11:34:01,031 - log_app - INFO - log message num: 435
2020-12-23 11:34:01,332 - log_app - INFO - log message num: 436
2020-12-23 11:34:01,636 - log_app - INFO - log message num: 437
2020-12-23 11:34:01,937 - log_app - INFO - log message num: 438
2020-12-23 11:34:02,240 - log_app - INFO - log message num: 439
2020-12-23 11:34:02,542 - log_app - INFO - log message num: 440
2020-12-23 11:34:02,845 - log_app - INFO - log message num: 441
2020-12-23 11:34:03,147 - log_app - INFO - log message num: 442
2020-12-23 11:34:03,448 - log_app - INFO - log message num: 443
2020-12-23 11:34:03,748 - log_app - INFO - log message num: 444
2020-12-23 11:34:04,049 - log_app - INFO - log message num: 445
2020-12-23 11:34:04,350 - log_app - INFO - log message num: 446
2020-12-23 11:34:04,650 - log_app - INFO - log message num: 447
2020-12-23 11:34:04,954 - log_app - INFO - log message num: 448
2020-12-23 11:34:05,256 - log_app - INFO - log message num: 449
2020-12-23 11:34:05,560 - log_app - INFO - log message num: 450
2020-12-23 11:34:05,865 - log_app - INFO - log message num: 451
2020-12-23 11:34:06,168 - log_app - INFO - log message num: 452
2020-12-23 11:34:06,472 - log_app - INFO - log message num: 453
2020-12-23 11:34:06,777 - log_app - INFO - log message num: 454
2020-12-23 11:34:07,081 - log_app - INFO - log message num: 455
2020-12-23 11:34:07,383 - log_app - INFO - log message num: 456
2020-12-23 11:34:07,685 - log_app - INFO - log message num: 457
2020-12-23 11:34:07,987 - log_app - INFO - log message num: 458
2020-12-23 11:34:08,288 - log_app - INFO - log message num: 459
2020-12-23 11:34:08,593 - log_app - INFO - log message num: 460
2020-12-23 11:34:08,898 - log_app - INFO - log message num: 461
2020-12-23 11:34:09,200 - log_app - INFO - log message num: 462
2020-12-23 11:34:09,504 - log_app - INFO - log message num: 463
2020-12-23 11:34:09,807 - log_app - INFO - log message num: 464
2020-12-23 11:34:10,111 - log_app - INFO - log message num: 465
2020-12-23 11:34:10,413 - log_app - INFO - log message num: 466
2020-12-23 11:34:10,717 - log_app - INFO - log message num: 467
2020-12-23 11:34:11,020 - log_app - INFO - log message num: 468
2020-12-23 11:34:11,322 - log_app - INFO - log message num: 469
2020-12-23 11:34:11,627 - log_app - INFO - log message num: 470
2020-12-23 11:34:11,934 - log_app - INFO - log message num: 471
2020-12-23 11:34:12,234 - log_app - INFO - log message num: 472
2020-12-23 11:34:12,535 - log_app - INFO - log message num: 473
2020-12-23 11:34:12,839 - log_app - INFO - log message num: 474
2020-12-23 11:34:13,140 - log_app - INFO - log message num: 475
2020-12-23 11:34:13,445 - log_app - INFO - log message num: 476
2020-12-23 11:34:13,749 - log_app - INFO - log message num: 477
2020-12-23 11:34:14,052 - log_app - INFO - log message num: 478
2020-12-23 11:34:14,358 - log_app - INFO - log message num: 479
2020-12-23 11:34:14,662 - log_app - INFO - log message num: 480
2020-12-23 11:34:14,967 - log_app - INFO - log message num: 481
2020-12-23 11:34:15,270 - log_app - INFO - log message num: 482
2020-12-23 11:34:15,575 - log_app - INFO - log message num: 483
2020-12-23 11:34:15,879 - log_app - INFO - log message num: 484
2020-12-23 11:34:16,184 - log_app - INFO - log message num: 485
2020-12-23 11:34:16,489 - log_app - INFO - log message num: 486
2020-12-23 11:34:16,793 - log_app - INFO - log message num: 487
2020-12-23 11:34:17,095 - log_app - INFO - log message num: 488
2020-12-23 11:34:17,397 - log_app - INFO - log message num: 489
2020-12-23 11:34:17,700 - log_app - INFO - log message num: 490
2020-12-23 11:34:18,003 - log_app - INFO - log message num: 491
2020-12-23 11:34:18,306 - log_app - INFO - log message num: 492
2020-12-23 11:34:18,609 - log_app - INFO - log message num: 493
2020-12-23 11:34:18,913 - log_app - INFO - log message num: 494
2020-12-23 11:34:19,217 - log_app - INFO - log message num: 495
2020-12-23 11:34:19,520 - log_app - INFO - log message num: 496
2020-12-23 11:34:19,822 - log_app - INFO - log message num: 497
2020-12-23 11:34:20,126 - log_app - INFO - log message num: 498
2020-12-23 11:34:20,431 - log_app - INFO - log message num: 499
2020-12-23 11:34:20,734 - log_app - INFO - log message num: 500
2020-12-23 11:34:21,039 - log_app - INFO - log message num: 501
2020-12-23 11:34:21,345 - log_app - INFO - log message num: 502
2020-12-23 11:34:21,645 - log_app - INFO - log message num: 503
2020-12-23 11:34:21,951 - log_app - INFO - log message num: 504
2020-12-23 11:34:22,251 - log_app - INFO - log message num: 505
2020-12-23 11:34:22,553 - log_app - INFO - log message num: 506
2020-12-23 11:34:22,856 - log_app - INFO - log message num: 507
2020-12-23 11:34:23,158 - log_app - INFO - log message num: 508
2020-12-23 11:34:23,460 - log_app - INFO - log message num: 509
2020-12-23 11:34:23,760 - log_app - INFO - log message num: 510
2020-12-23 11:34:24,063 - log_app - INFO - log message num: 511
2020-12-23 11:34:24,367 - log_app - INFO - log message num: 512
2020-12-23 11:34:24,669 - log_app - INFO - log message num: 513
2020-12-23 11:34:24,973 - log_app - INFO - log message num: 514
2020-12-23 11:34:25,278 - log_app - INFO - log message num: 515
2020-12-23 11:34:25,578 - log_app - INFO - log message num: 516
2020-12-23 11:34:25,879 - log_app - INFO - log message num: 517
2020-12-23 11:34:26,179 - log_app - INFO - log message num: 518
2020-12-23 11:34:26,484 - log_app - INFO - log message num: 519
2020-12-23 11:34:26,788 - log_app - INFO - log message num: 520
2020-12-23 11:34:27,092 - log_app - INFO - log message num: 521
2020-12-23 11:34:27,396 - log_app - INFO - log message num: 522
2020-12-23 11:34:27,701 - log_app - INFO - log message num: 523
2020-12-23 11:34:28,006 - log_app - INFO - log message num: 524
2020-12-23 11:34:28,311 - log_app - INFO - log message num: 525
2020-12-23 11:34:28,616 - log_app - INFO - log message num: 526
2020-12-23 11:34:28,918 - log_app - INFO - log message num: 527
2020-12-23 11:34:29,221 - log_app - INFO - log message num: 528
2020-12-23 11:34:29,524 - log_app - INFO - log message num: 529
2020-12-23 11:34:29,825 - log_app - INFO - log message num: 530
2020-12-23 11:34:30,130 - log_app - INFO - log message num: 531
2020-12-23 11:34:30,434 - log_app - INFO - log message num: 532
2020-12-23 11:34:30,739 - log_app - INFO - log message num: 533
2020-12-23 11:34:31,041 - log_app - INFO - log message num: 534
2020-12-23 11:34:31,345 - log_app - INFO - log message num: 535
2020-12-23 11:34:31,650 - log_app - INFO - log message num: 536
2020-12-23 11:34:31,951 - log_app - INFO - log message num: 537
2020-12-23 11:34:32,255 - log_app - INFO - log message num: 538
2020-12-23 11:34:32,557 - log_app - INFO - log message num: 539
2020-12-23 11:34:32,862 - log_app - INFO - log message num: 540
2020-12-23 11:34:33,166 - log_app - INFO - log message num: 541
2020-12-23 11:34:33,471 - log_app - INFO - log message num: 542
2020-12-23 11:34:33,775 - log_app - INFO - log message num: 543
2020-12-23 11:34:34,079 - log_app - INFO - log message num: 544
2020-12-23 11:34:34,381 - log_app - INFO - log message num: 545
2020-12-23 11:34:34,687 - log_app - INFO - log message num: 546
2020-12-23 11:34:34,990 - log_app - INFO - log message num: 547
2020-12-23 11:34:35,295 - log_app - INFO - log message num: 548
2020-12-23 11:34:35,599 - log_app - INFO - log message num: 549
2020-12-23 11:34:35,904 - log_app - INFO - log message num: 550
2020-12-23 11:34:36,209 - log_app - INFO - log message num: 551
2020-12-23 11:34:36,514 - log_app - INFO - log message num: 552
2020-12-23 11:34:36,819 - log_app - INFO - log message num: 553
2020-12-23 11:34:37,124 - log_app - INFO - log message num: 554
2020-12-23 11:34:37,431 - log_app - INFO - log message num: 555
2020-12-23 11:34:37,734 - log_app - INFO - log message num: 556
2020-12-23 11:34:38,038 - log_app - INFO - log message num: 557
2020-12-23 11:34:38,345 - log_app - INFO - log message num: 558
2020-12-23 11:34:38,651 - log_app - INFO - log message num: 559
2020-12-23 11:34:38,953 - log_app - INFO - log message num: 560
2020-12-23 11:34:39,259 - log_app - INFO - log message num: 561
2020-12-23 11:34:39,563 - log_app - INFO - log message num: 562
2020-12-23 11:34:39,868 - log_app - INFO - log message num: 563
2020-12-23 11:34:40,173 - log_app - INFO - log message num: 564
2020-12-23 11:34:40,478 - log_app - INFO - log message num: 565
2020-12-23 11:34:40,780 - log_app - INFO - log message num: 566
2020-12-23 11:34:41,085 - log_app - INFO - log message num: 567
2020-12-23 11:34:41,389 - log_app - INFO - log message num: 568
2020-12-23 11:34:41,690 - log_app - INFO - log message num: 569
2020-12-23 11:34:41,990 - log_app - INFO - log message num: 570
2020-12-23 11:34:42,294 - log_app - INFO - log message num: 571
2020-12-23 11:34:42,598 - log_app - INFO - log message num: 572
2020-12-23 11:34:42,902 - log_app - INFO - log message num: 573
2020-12-23 11:34:43,206 - log_app - INFO - log message num: 574
2020-12-23 11:34:43,511 - log_app - INFO - log message num: 575
2020-12-23 11:34:43,816 - log_app - INFO - log message num: 576
2020-12-23 11:34:44,120 - log_app - INFO - log message num: 577
2020-12-23 11:34:44,424 - log_app - INFO - log message num: 578
2020-12-23 11:34:44,729 - log_app - INFO - log message num: 579
2020-12-23 11:34:45,034 - log_app - INFO - log message num: 580
2020-12-23 11:34:45,336 - log_app - INFO - log message num: 581
2020-12-23 11:34:45,639 - log_app - INFO - log message num: 582
2020-12-23 11:34:45,940 - log_app - INFO - log message num: 583
2020-12-23 11:34:46,244 - log_app - INFO - log message num: 584
2020-12-23 11:34:46,546 - log_app - INFO - log message num: 585
2020-12-23 11:34:46,851 - log_app - INFO - log message num: 586
2020-12-23 11:34:47,156 - log_app - INFO - log message num: 587
2020-12-23 11:34:47,460 - log_app - INFO - log message num: 588
2020-12-23 11:34:47,762 - log_app - INFO - log message num: 589
2020-12-23 11:34:48,063 - log_app - INFO - log message num: 590
2020-12-23 11:34:48,368 - log_app - INFO - log message num: 591
2020-12-23 11:34:48,672 - log_app - INFO - log message num: 592
2020-12-23 11:34:48,975 - log_app - INFO - log message num: 593
2020-12-23 11:34:49,279 - log_app - INFO - log message num: 594
2020-12-23 11:34:49,582 - log_app - INFO - log message num: 595
2020-12-23 11:34:49,887 - log_app - INFO - log message num: 596
2020-12-23 11:34:50,188 - log_app - INFO - log message num: 597
2020-12-23 11:34:50,491 - log_app - INFO - log message num: 598
2020-12-23 11:34:50,792 - log_app - INFO - log message num: 599
2020-12-23 11:34:51,093 - log_app - INFO - log message num: 600
2020-12-23 11:34:51,399 - log_app - INFO - log message num: 601
2020-12-23 11:34:51,701 - log_app - INFO - log message num: 602
2020-12-23 11:34:52,007 - log_app - INFO - log message num: 603
2020-12-23 11:34:52,307 - log_app - INFO - log message num: 604
2020-12-23 11:34:52,610 - log_app - INFO - log message num: 605
2020-12-23 11:34:52,911 - log_app - INFO - log message num: 606
2020-12-23 11:34:53,215 - log_app - INFO - log message num: 607
2020-12-23 11:34:53,520 - log_app - INFO - log message num: 608
2020-12-23 11:34:53,822 - log_app - INFO - log message num: 609
2020-12-23 11:34:54,125 - log_app - INFO - log message num: 610
2020-12-23 11:34:54,426 - log_app - INFO - log message num: 611
2020-12-23 11:34:54,727 - log_app - INFO - log message num: 612
2020-12-23 11:34:55,031 - log_app - INFO - log message num: 613
2020-12-23 11:34:55,335 - log_app - INFO - log message num: 614
2020-12-23 11:34:55,640 - log_app - INFO - log message num: 615
2020-12-23 11:34:55,945 - log_app - INFO - log message num: 616
2020-12-23 11:34:56,250 - log_app - INFO - log message num: 617
2020-12-23 11:34:56,551 - log_app - INFO - log message num: 618
2020-12-23 11:34:56,855 - log_app - INFO - log message num: 619
2020-12-23 11:34:57,156 - log_app - INFO - log message num: 620
2020-12-23 11:34:57,459 - log_app - INFO - log message num: 621
2020-12-23 11:34:57,760 - log_app - INFO - log message num: 622
2020-12-23 11:34:58,063 - log_app - INFO - log message num: 623
2020-12-23 11:34:58,368 - log_app - INFO - log message num: 624
2020-12-23 11:34:58,673 - log_app - INFO - log message num: 625
2020-12-23 11:34:58,978 - log_app - INFO - log message num: 626
2020-12-23 11:34:59,279 - log_app - INFO - log message num: 627
2020-12-23 11:34:59,580 - log_app - INFO - log message num: 628
2020-12-23 11:34:59,885 - log_app - INFO - log message num: 629
2020-12-23 11:35:00,189 - log_app - INFO - log message num: 630
2020-12-23 11:35:00,490 - log_app - INFO - log message num: 631
2020-12-23 11:35:00,791 - log_app - INFO - log message num: 632
2020-12-23 11:35:01,095 - log_app - INFO - log message num: 633
2020-12-23 11:35:01,399 - log_app - INFO - log message num: 634
2020-12-23 11:35:01,702 - log_app - INFO - log message num: 635
2020-12-23 11:35:02,006 - log_app - INFO - log message num: 636
2020-12-23 11:35:02,307 - log_app - INFO - log message num: 637
2020-12-23 11:35:02,612 - log_app - INFO - log message num: 638
2020-12-23 11:35:02,917 - log_app - INFO - log message num: 639
2020-12-23 11:35:03,222 - log_app - INFO - log message num: 640
2020-12-23 11:35:03,526 - log_app - INFO - log message num: 641
2020-12-23 11:35:03,830 - log_app - INFO - log message num: 642
2020-12-23 11:35:04,134 - log_app - INFO - log message num: 643
2020-12-23 11:35:04,439 - log_app - INFO - log message num: 644
2020-12-23 11:35:04,740 - log_app - INFO - log message num: 645
2020-12-23 11:35:05,043 - log_app - INFO - log message num: 646
2020-12-23 11:35:05,348 - log_app - INFO - log message num: 647
2020-12-23 11:35:05,652 - log_app - INFO - log message num: 648
2020-12-23 11:35:05,957 - log_app - INFO - log message num: 649
2020-12-23 11:35:06,262 - log_app - INFO - log message num: 650
2020-12-23 11:35:06,565 - log_app - INFO - log message num: 651
2020-12-23 11:35:06,867 - log_app - INFO - log message num: 652
2020-12-23 11:35:07,167 - log_app - INFO - log message num: 653
2020-12-23 11:35:07,472 - log_app - INFO - log message num: 654
2020-12-23 11:35:07,777 - log_app - INFO - log message num: 655
2020-12-23 11:35:08,080 - log_app - INFO - log message num: 656
2020-12-23 11:35:08,381 - log_app - INFO - log message num: 657
2020-12-23 11:35:08,685 - log_app - INFO - log message num: 658
2020-12-23 11:35:08,989 - log_app - INFO - log message num: 659
2020-12-23 11:35:09,294 - log_app - INFO - log message num: 660
2020-12-23 11:35:09,598 - log_app - INFO - log message num: 661
2020-12-23 11:35:09,899 - log_app - INFO - log message num: 662
2020-12-23 11:35:10,202 - log_app - INFO - log message num: 663
2020-12-23 11:35:10,507 - log_app - INFO - log message num: 664
2020-12-23 11:35:10,812 - log_app - INFO - log message num: 665
2020-12-23 11:35:11,115 - log_app - INFO - log message num: 666
2020-12-23 11:35:11,420 - log_app - INFO - log message num: 667
2020-12-23 11:35:11,725 - log_app - INFO - log message num: 668
2020-12-23 11:35:12,027 - log_app - INFO - log message num: 669
2020-12-23 11:35:12,328 - log_app - INFO - log message num: 670
2020-12-23 11:35:12,632 - log_app - INFO - log message num: 671
2020-12-23 11:35:12,941 - log_app - INFO - log message num: 672
2020-12-23 11:35:13,244 - log_app - INFO - log message num: 673
2020-12-23 11:35:13,546 - log_app - INFO - log message num: 674
2020-12-23 11:35:13,849 - log_app - INFO - log message num: 675
2020-12-23 11:35:14,150 - log_app - INFO - log message num: 676
2020-12-23 11:35:14,450 - log_app - INFO - log message num: 677
2020-12-23 11:35:14,751 - log_app - INFO - log message num: 678
2020-12-23 11:35:15,055 - log_app - INFO - log message num: 679
2020-12-23 11:35:15,358 - log_app - INFO - log message num: 680
2020-12-23 11:35:15,660 - log_app - INFO - log message num: 681
2020-12-23 11:35:15,964 - log_app - INFO - log message num: 682
2020-12-23 11:35:16,266 - log_app - INFO - log message num: 683
2020-12-23 11:35:16,570 - log_app - INFO - log message num: 684
2020-12-23 11:35:16,873 - log_app - INFO - log message num: 685
2020-12-23 11:35:17,176 - log_app - INFO - log message num: 686
2020-12-23 11:35:17,479 - log_app - INFO - log message num: 687
2020-12-23 11:35:17,780 - log_app - INFO - log message num: 688
2020-12-23 11:35:18,082 - log_app - INFO - log message num: 689
2020-12-23 11:35:18,383 - log_app - INFO - log message num: 690
2020-12-23 11:35:18,686 - log_app - INFO - log message num: 691
2020-12-23 11:35:18,988 - log_app - INFO - log message num: 692
2020-12-23 11:35:19,292 - log_app - INFO - log message num: 693
2020-12-23 11:35:19,593 - log_app - INFO - log message num: 694
2020-12-23 11:35:19,898 - log_app - INFO - log message num: 695
2020-12-23 11:35:20,201 - log_app - INFO - log message num: 696
2020-12-23 11:35:20,502 - log_app - INFO - log message num: 697
2020-12-23 11:35:20,806 - log_app - INFO - log message num: 698
2020-12-23 11:35:21,109 - log_app - INFO - log message num: 699
2020-12-23 11:35:21,413 - log_app - INFO - log message num: 700
2020-12-23 11:35:21,715 - log_app - INFO - log message num: 701
2020-12-23 11:35:22,019 - log_app - INFO - log message num: 702
2020-12-23 11:35:22,325 - log_app - INFO - log message num: 703
2020-12-23 11:35:22,625 - log_app - INFO - log message num: 704
2020-12-23 11:35:22,930 - log_app - INFO - log message num: 705
2020-12-23 11:35:23,231 - log_app - INFO - log message num: 706
2020-12-23 11:35:23,532 - log_app - INFO - log message num: 707
2020-12-23 11:35:23,837 - log_app - INFO - log message num: 708
2020-12-23 11:35:24,141 - log_app - INFO - log message num: 709
2020-12-23 11:35:24,442 - log_app - INFO - log message num: 710
2020-12-23 11:35:24,743 - log_app - INFO - log message num: 711
2020-12-23 11:35:25,047 - log_app - INFO - log message num: 712
2020-12-23 11:35:25,350 - log_app - INFO - log message num: 713
2020-12-23 11:35:25,652 - log_app - INFO - log message num: 714
2020-12-23 11:35:25,956 - log_app - INFO - log message num: 715
2020-12-23 11:35:26,260 - log_app - INFO - log message num: 716
2020-12-23 11:35:26,564 - log_app - INFO - log message num: 717
2020-12-23 11:35:26,868 - log_app - INFO - log message num: 718
2020-12-23 11:35:27,169 - log_app - INFO - log message num: 719
2020-12-23 11:35:27,471 - log_app - INFO - log message num: 720
2020-12-23 11:35:27,773 - log_app - INFO - log message num: 721
2020-12-23 11:35:28,077 - log_app - INFO - log message num: 722
2020-12-23 11:35:28,381 - log_app - INFO - log message num: 723
2020-12-23 11:35:28,683 - log_app - INFO - log message num: 724
2020-12-23 11:35:28,986 - log_app - INFO - log message num: 725
2020-12-23 11:35:29,287 - log_app - INFO - log message num: 726
2020-12-23 11:35:29,590 - log_app - INFO - log message num: 727
2020-12-23 11:35:29,893 - log_app - INFO - log message num: 728
2020-12-23 11:35:30,198 - log_app - INFO - log message num: 729
2020-12-23 11:35:30,499 - log_app - INFO - log message num: 730
2020-12-23 11:35:30,799 - log_app - INFO - log message num: 731
2020-12-23 11:35:31,103 - log_app - INFO - log message num: 732
2020-12-23 11:35:31,406 - log_app - INFO - log message num: 733
2020-12-23 11:35:31,709 - log_app - INFO - log message num: 734
2020-12-23 11:35:32,012 - log_app - INFO - log message num: 735
2020-12-23 11:35:32,316 - log_app - INFO - log message num: 736
2020-12-23 11:35:32,617 - log_app - INFO - log message num: 737
2020-12-23 11:35:32,921 - log_app - INFO - log message num: 738
2020-12-23 11:35:33,222 - log_app - INFO - log message num: 739
2020-12-23 11:35:33,523 - log_app - INFO - log message num: 740
2020-12-23 11:35:33,826 - log_app - INFO - log message num: 741
2020-12-23 11:35:34,128 - log_app - INFO - log message num: 742
2020-12-23 11:35:34,430 - log_app - INFO - log message num: 743
2020-12-23 11:35:34,733 - log_app - INFO - log message num: 744
2020-12-23 11:35:35,038 - log_app - INFO - log message num: 745
2020-12-23 11:35:35,340 - log_app - INFO - log message num: 746
2020-12-23 11:35:35,642 - log_app - INFO - log message num: 747
2020-12-23 11:35:35,946 - log_app - INFO - log message num: 748
2020-12-23 11:35:36,249 - log_app - INFO - log message num: 749
2020-12-23 11:35:36,549 - log_app - INFO - log message num: 750
2020-12-23 11:35:36,849 - log_app - INFO - log message num: 751
2020-12-23 11:35:37,152 - log_app - INFO - log message num: 752
2020-12-23 11:35:37,455 - log_app - INFO - log message num: 753
2020-12-23 11:35:37,759 - log_app - INFO - log message num: 754
2020-12-23 11:35:38,064 - log_app - INFO - log message num: 755
2020-12-23 11:35:38,368 - log_app - INFO - log message num: 756
2020-12-23 11:35:38,672 - log_app - INFO - log message num: 757
2020-12-23 11:35:38,978 - log_app - INFO - log message num: 758
2020-12-23 11:35:39,282 - log_app - INFO - log message num: 759
2020-12-23 11:35:39,586 - log_app - INFO - log message num: 760
2020-12-23 11:35:39,891 - log_app - INFO - log message num: 761
2020-12-23 11:35:40,195 - log_app - INFO - log message num: 762
2020-12-23 11:35:40,500 - log_app - INFO - log message num: 763
2020-12-23 11:35:40,804 - log_app - INFO - log message num: 764
2020-12-23 11:35:41,108 - log_app - INFO - log message num: 765
2020-12-23 11:35:41,410 - log_app - INFO - log message num: 766
2020-12-23 11:35:41,713 - log_app - INFO - log message num: 767
2020-12-23 11:35:42,015 - log_app - INFO - log message num: 768
2020-12-23 11:35:42,319 - log_app - INFO - log message num: 769
2020-12-23 11:35:42,624 - log_app - INFO - log message num: 770
2020-12-23 11:35:42,927 - log_app - INFO - log message num: 771
2020-12-23 11:35:43,234 - log_app - INFO - log message num: 772
2020-12-23 11:35:43,537 - log_app - INFO - log message num: 773
2020-12-23 11:35:43,839 - log_app - INFO - log message num: 774
2020-12-23 11:35:44,141 - log_app - INFO - log message num: 775
2020-12-23 11:35:44,444 - log_app - INFO - log message num: 776
2020-12-23 11:35:44,744 - log_app - INFO - log message num: 777
2020-12-23 11:35:45,046 - log_app - INFO - log message num: 778
2020-12-23 11:35:45,349 - log_app - INFO - log message num: 779
2020-12-23 11:35:45,652 - log_app - INFO - log message num: 780
2020-12-23 11:35:45,955 - log_app - INFO - log message num: 781
2020-12-23 11:35:46,258 - log_app - INFO - log message num: 782
2020-12-23 11:35:46,562 - log_app - INFO - log message num: 783
2020-12-23 11:35:46,865 - log_app - INFO - log message num: 784
2020-12-23 11:35:47,168 - log_app - INFO - log message num: 785
2020-12-23 11:35:47,470 - log_app - INFO - log message num: 786
2020-12-23 11:35:47,772 - log_app - INFO - log message num: 787
2020-12-23 11:35:48,076 - log_app - INFO - log message num: 788
2020-12-23 11:35:48,376 - log_app - INFO - log message num: 789
2020-12-23 11:35:48,678 - log_app - INFO - log message num: 790
2020-12-23 11:35:48,982 - log_app - INFO - log message num: 791
2020-12-23 11:35:49,286 - log_app - INFO - log message num: 792
2020-12-23 11:35:49,589 - log_app - INFO - log message num: 793
2020-12-23 11:35:49,892 - log_app - INFO - log message num: 794
2020-12-23 11:35:50,193 - log_app - INFO - log message num: 795
2020-12-23 11:35:50,498 - log_app - INFO - log message num: 796
2020-12-23 11:35:50,804 - log_app - INFO - log message num: 797
2020-12-23 11:35:51,106 - log_app - INFO - log message num: 798
2020-12-23 11:35:51,409 - log_app - INFO - log message num: 799
2020-12-23 11:35:51,710 - log_app - INFO - log message num: 800
2020-12-23 11:35:52,013 - log_app - INFO - log message num: 801
2020-12-23 11:35:52,314 - log_app - INFO - log message num: 802
2020-12-23 11:35:52,616 - log_app - INFO - log message num: 803
2020-12-23 11:35:52,918 - log_app - INFO - log message num: 804
2020-12-23 11:35:53,220 - log_app - INFO - log message num: 805
2020-12-23 11:35:53,523 - log_app - INFO - log message num: 806
2020-12-23 11:35:53,827 - log_app - INFO - log message num: 807
2020-12-23 11:35:54,130 - log_app - INFO - log message num: 808
2020-12-23 11:35:54,434 - log_app - INFO - log message num: 809
2020-12-23 11:35:54,739 - log_app - INFO - log message num: 810
2020-12-23 11:35:55,040 - log_app - INFO - log message num: 811
2020-12-23 11:35:55,340 - log_app - INFO - log message num: 812
2020-12-23 11:35:55,643 - log_app - INFO - log message num: 813
2020-12-23 11:35:55,947 - log_app - INFO - log message num: 814
2020-12-23 11:35:56,250 - log_app - INFO - log message num: 815
2020-12-23 11:35:56,555 - log_app - INFO - log message num: 816
2020-12-23 11:35:56,857 - log_app - INFO - log message num: 817
2020-12-23 11:35:57,160 - log_app - INFO - log message num: 818
2020-12-23 11:35:57,464 - log_app - INFO - log message num: 819
2020-12-23 11:35:57,766 - log_app - INFO - log message num: 820
2020-12-23 11:35:58,069 - log_app - INFO - log message num: 821
2020-12-23 11:35:58,369 - log_app - INFO - log message num: 822
2020-12-23 11:35:58,674 - log_app - INFO - log message num: 823
2020-12-23 11:35:58,978 - log_app - INFO - log message num: 824
2020-12-23 11:35:59,280 - log_app - INFO - log message num: 825
2020-12-23 11:35:59,582 - log_app - INFO - log message num: 826
2020-12-23 11:35:59,888 - log_app - INFO - log message num: 827
2020-12-23 11:36:00,193 - log_app - INFO - log message num: 828
2020-12-23 11:36:00,498 - log_app - INFO - log message num: 829
2020-12-23 11:36:00,798 - log_app - INFO - log message num: 830
2020-12-23 11:36:01,099 - log_app - INFO - log message num: 831
2020-12-23 11:36:01,400 - log_app - INFO - log message num: 832
2020-12-23 11:36:01,705 - log_app - INFO - log message num: 833
2020-12-23 11:36:02,009 - log_app - INFO - log message num: 834
2020-12-23 11:36:02,311 - log_app - INFO - log message num: 835
2020-12-23 11:36:02,614 - log_app - INFO - log message num: 836
2020-12-23 11:36:02,916 - log_app - INFO - log message num: 837
2020-12-23 11:36:03,217 - log_app - INFO - log message num: 838
2020-12-23 11:36:03,517 - log_app - INFO - log message num: 839
2020-12-23 11:36:03,822 - log_app - INFO - log message num: 840
2020-12-23 11:36:04,126 - log_app - INFO - log message num: 841
2020-12-23 11:36:04,428 - log_app - INFO - log message num: 842
2020-12-23 11:36:04,730 - log_app - INFO - log message num: 843
2020-12-23 11:36:05,033 - log_app - INFO - log message num: 844
2020-12-23 11:36:05,334 - log_app - INFO - log message num: 845
2020-12-23 11:36:05,636 - log_app - INFO - log message num: 846
2020-12-23 11:36:05,937 - log_app - INFO - log message num: 847
2020-12-23 11:36:06,241 - log_app - INFO - log message num: 848
2020-12-23 11:36:06,543 - log_app - INFO - log message num: 849
2020-12-23 11:36:06,846 - log_app - INFO - log message num: 850
2020-12-23 11:36:07,150 - log_app - INFO - log message num: 851
2020-12-23 11:36:07,454 - log_app - INFO - log message num: 852
2020-12-23 11:36:07,759 - log_app - INFO - log message num: 853
2020-12-23 11:36:08,060 - log_app - INFO - log message num: 854
2020-12-23 11:36:08,362 - log_app - INFO - log message num: 855
2020-12-23 11:36:08,666 - log_app - INFO - log message num: 856
2020-12-23 11:36:08,970 - log_app - INFO - log message num: 857
2020-12-23 11:36:09,275 - log_app - INFO - log message num: 858
2020-12-23 11:36:09,577 - log_app - INFO - log message num: 859
2020-12-23 11:36:09,877 - log_app - INFO - log message num: 860
2020-12-23 11:36:10,180 - log_app - INFO - log message num: 861
2020-12-23 11:36:10,484 - log_app - INFO - log message num: 862
2020-12-23 11:36:10,787 - log_app - INFO - log message num: 863
2020-12-23 11:36:11,091 - log_app - INFO - log message num: 864
2020-12-23 11:36:11,393 - log_app - INFO - log message num: 865
2020-12-23 11:36:11,697 - log_app - INFO - log message num: 866
2020-12-23 11:36:12,001 - log_app - INFO - log message num: 867
2020-12-23 11:36:12,305 - log_app - INFO - log message num: 868
2020-12-23 11:36:12,609 - log_app - INFO - log message num: 869
2020-12-23 11:36:12,911 - log_app - INFO - log message num: 870
2020-12-23 11:36:13,215 - log_app - INFO - log message num: 871
2020-12-23 11:36:13,515 - log_app - INFO - log message num: 872
2020-12-23 11:36:13,817 - log_app - INFO - log message num: 873
2020-12-23 11:36:14,118 - log_app - INFO - log message num: 874
2020-12-23 11:36:14,420 - log_app - INFO - log message num: 875
2020-12-23 11:36:14,724 - log_app - INFO - log message num: 876
2020-12-23 11:36:15,026 - log_app - INFO - log message num: 877
2020-12-23 11:36:15,329 - log_app - INFO - log message num: 878
2020-12-23 11:36:15,633 - log_app - INFO - log message num: 879
2020-12-23 11:36:15,938 - log_app - INFO - log message num: 880
2020-12-23 11:36:16,241 - log_app - INFO - log message num: 881
2020-12-23 11:36:16,547 - log_app - INFO - log message num: 882
2020-12-23 11:36:16,848 - log_app - INFO - log message num: 883
2020-12-23 11:36:17,152 - log_app - INFO - log message num: 884
2020-12-23 11:36:17,454 - log_app - INFO - log message num: 885
2020-12-23 11:36:17,756 - log_app - INFO - log message num: 886
2020-12-23 11:36:18,060 - log_app - INFO - log message num: 887
2020-12-23 11:36:18,362 - log_app - INFO - log message num: 888
2020-12-23 11:36:18,664 - log_app - INFO - log message num: 889
2020-12-23 11:36:18,966 - log_app - INFO - log message num: 890
2020-12-23 11:36:19,270 - log_app - INFO - log message num: 891
2020-12-23 11:36:19,574 - log_app - INFO - log message num: 892
2020-12-23 11:36:19,877 - log_app - INFO - log message num: 893
2020-12-23 11:36:20,180 - log_app - INFO - log message num: 894
2020-12-23 11:36:20,481 - log_app - INFO - log message num: 895
2020-12-23 11:36:20,783 - log_app - INFO - log message num: 896
2020-12-23 11:36:21,088 - log_app - INFO - log message num: 897
2020-12-23 11:36:21,392 - log_app - INFO - log message num: 898
2020-12-23 11:36:21,696 - log_app - INFO - log message num: 899
2020-12-23 11:36:22,002 - log_app - INFO - log message num: 900
2020-12-23 11:36:22,307 - log_app - INFO - log message num: 901
2020-12-23 11:36:22,610 - log_app - INFO - log message num: 902
2020-12-23 11:36:22,912 - log_app - INFO - log message num: 903
2020-12-23 11:36:23,215 - log_app - INFO - log message num: 904
2020-12-23 11:36:23,519 - log_app - INFO - log message num: 905
2020-12-23 11:36:23,824 - log_app - INFO - log message num: 906
2020-12-23 11:36:24,126 - log_app - INFO - log message num: 907
2020-12-23 11:36:24,429 - log_app - INFO - log message num: 908
2020-12-23 11:36:24,733 - log_app - INFO - log message num: 909
2020-12-23 11:36:25,037 - log_app - INFO - log message num: 910
2020-12-23 11:36:25,342 - log_app - INFO - log message num: 911
2020-12-23 11:36:25,646 - log_app - INFO - log message num: 912
2020-12-23 11:36:25,949 - log_app - INFO - log message num: 913
2020-12-23 11:36:26,255 - log_app - INFO - log message num: 914
2020-12-23 11:36:26,559 - log_app - INFO - log message num: 915
2020-12-23 11:36:26,860 - log_app - INFO - log message num: 916
2020-12-23 11:36:27,165 - log_app - INFO - log message num: 917
2020-12-23 11:36:27,470 - log_app - INFO - log message num: 918
2020-12-23 11:36:27,773 - log_app - INFO - log message num: 919
2020-12-23 11:36:28,077 - log_app - INFO - log message num: 920
2020-12-23 11:36:28,378 - log_app - INFO - log message num: 921
2020-12-23 11:36:28,678 - log_app - INFO - log message num: 922
2020-12-23 11:36:28,984 - log_app - INFO - log message num: 923
2020-12-23 11:36:29,285 - log_app - INFO - log message num: 924
2020-12-23 11:36:29,588 - log_app - INFO - log message num: 925
2020-12-23 11:36:29,888 - log_app - INFO - log message num: 926
2020-12-23 11:36:30,189 - log_app - INFO - log message num: 927
2020-12-23 11:36:30,491 - log_app - INFO - log message num: 928
2020-12-23 11:36:30,797 - log_app - INFO - log message num: 929
2020-12-23 11:36:31,101 - log_app - INFO - log message num: 930
2020-12-23 11:36:31,405 - log_app - INFO - log message num: 931
2020-12-23 11:36:31,711 - log_app - INFO - log message num: 932
2020-12-23 11:36:32,012 - log_app - INFO - log message num: 933
2020-12-23 11:36:32,314 - log_app - INFO - log message num: 934
2020-12-23 11:36:32,618 - log_app - INFO - log message num: 935
2020-12-23 11:36:32,918 - log_app - INFO - log message num: 936
2020-12-23 11:36:33,219 - log_app - INFO - log message num: 937
2020-12-23 11:36:33,521 - log_app - INFO - log message num: 938
2020-12-23 11:36:33,824 - log_app - INFO - log message num: 939
2020-12-23 11:36:34,131 - log_app - INFO - log message num: 940
2020-12-23 11:36:34,436 - log_app - INFO - log message num: 941
2020-12-23 11:36:34,745 - log_app - INFO - log message num: 942
2020-12-23 11:36:35,046 - log_app - INFO - log message num: 943
2020-12-23 11:36:35,350 - log_app - INFO - log message num: 944
2020-12-23 11:36:35,651 - log_app - INFO - log message num: 945
2020-12-23 11:36:35,954 - log_app - INFO - log message num: 946
2020-12-23 11:36:36,255 - log_app - INFO - log message num: 947
2020-12-23 11:36:36,556 - log_app - INFO - log message num: 948
2020-12-23 11:36:36,860 - log_app - INFO - log message num: 949
2020-12-23 11:36:37,160 - log_app - INFO - log message num: 950
2020-12-23 11:36:37,464 - log_app - INFO - log message num: 951
2020-12-23 11:36:37,769 - log_app - INFO - log message num: 952
2020-12-23 11:36:38,070 - log_app - INFO - log message num: 953
2020-12-23 11:36:38,377 - log_app - INFO - log message num: 954
2020-12-23 11:36:38,679 - log_app - INFO - log message num: 955
2020-12-23 11:36:38,981 - log_app - INFO - log message num: 956
2020-12-23 11:36:39,285 - log_app - INFO - log message num: 957
2020-12-23 11:36:39,585 - log_app - INFO - log message num: 958
2020-12-23 11:36:39,888 - log_app - INFO - log message num: 959
2020-12-23 11:36:40,189 - log_app - INFO - log message num: 960
2020-12-23 11:36:40,491 - log_app - INFO - log message num: 961
2020-12-23 11:36:40,794 - log_app - INFO - log message num: 962
2020-12-23 11:36:41,094 - log_app - INFO - log message num: 963
2020-12-23 11:36:41,395 - log_app - INFO - log message num: 964
2020-12-23 11:36:41,700 - log_app - INFO - log message num: 965
2020-12-23 11:36:42,001 - log_app - INFO - log message num: 966
2020-12-23 11:36:42,303 - log_app - INFO - log message num: 967
2020-12-23 11:36:42,607 - log_app - INFO - log message num: 968
2020-12-23 11:36:42,908 - log_app - INFO - log message num: 969
2020-12-23 11:36:43,216 - log_app - INFO - log message num: 970
2020-12-23 11:36:43,518 - log_app - INFO - log message num: 971
2020-12-23 11:36:43,818 - log_app - INFO - log message num: 972
2020-12-23 11:36:44,123 - log_app - INFO - log message num: 973
2020-12-23 11:36:44,427 - log_app - INFO - log message num: 974
2020-12-23 11:36:44,729 - log_app - INFO - log message num: 975
2020-12-23 11:36:45,033 - log_app - INFO - log message num: 976
2020-12-23 11:36:45,334 - log_app - INFO - log message num: 977
2020-12-23 11:36:45,635 - log_app - INFO - log message num: 978
2020-12-23 11:36:45,937 - log_app - INFO - log message num: 979
2020-12-23 11:36:46,240 - log_app - INFO - log message num: 980
2020-12-23 11:36:46,545 - log_app - INFO - log message num: 981
2020-12-23 11:36:46,846 - log_app - INFO - log message num: 982
2020-12-23 11:36:47,150 - log_app - INFO - log message num: 983
2020-12-23 11:36:47,455 - log_app - INFO - log message num: 984
2020-12-23 11:36:47,758 - log_app - INFO - log message num: 985
2020-12-23 11:36:48,059 - log_app - INFO - log message num: 986
2020-12-23 11:36:48,359 - log_app - INFO - log message num: 987
2020-12-23 11:36:48,660 - log_app - INFO - log message num: 988
2020-12-23 11:36:48,960 - log_app - INFO - log message num: 989
2020-12-23 11:36:49,266 - log_app - INFO - log message num: 990
2020-12-23 11:36:49,566 - log_app - INFO - log message num: 991
2020-12-23 11:36:49,871 - log_app - INFO - log message num: 992
2020-12-23 11:36:50,171 - log_app - INFO - log message num: 993
2020-12-23 11:36:50,474 - log_app - INFO - log message num: 994
2020-12-23 11:36:50,776 - log_app - INFO - log message num: 995
2020-12-23 11:36:51,082 - log_app - INFO - log message num: 996
2020-12-23 11:36:51,383 - log_app - INFO - log message num: 997
2020-12-23 11:36:51,687 - log_app - INFO - log message num: 998
2020-12-23 11:36:51,991 - log_app - INFO - log message num: 999
2020-12-23 11:36:52,295 - log_app - INFO - log message num: 1000
2020-12-23 11:36:52,597 - log_app - INFO - log message num: 1001
2020-12-23 11:36:52,903 - log_app - INFO - log message num: 1002
2020-12-23 11:36:53,205 - log_app - INFO - log message num: 1003
2020-12-23 11:36:53,510 - log_app - INFO - log message num: 1004
2020-12-23 11:36:53,812 - log_app - INFO - log message num: 1005
2020-12-23 11:36:54,117 - log_app - INFO - log message num: 1006
2020-12-23 11:36:54,419 - log_app - INFO - log message num: 1007
2020-12-23 11:36:54,723 - log_app - INFO - log message num: 1008
2020-12-23 11:36:55,027 - log_app - INFO - log message num: 1009
2020-12-23 11:36:55,330 - log_app - INFO - log message num: 1010
2020-12-23 11:36:55,635 - log_app - INFO - log message num: 1011
2020-12-23 11:36:55,939 - log_app - INFO - log message num: 1012
2020-12-23 11:36:56,240 - log_app - INFO - log message num: 1013
2020-12-23 11:36:56,542 - log_app - INFO - log message num: 1014
2020-12-23 11:36:56,844 - log_app - INFO - log message num: 1015
2020-12-23 11:36:57,147 - log_app - INFO - log message num: 1016
2020-12-23 11:36:57,452 - log_app - INFO - log message num: 1017
2020-12-23 11:36:57,755 - log_app - INFO - log message num: 1018
2020-12-23 11:36:58,057 - log_app - INFO - log message num: 1019
2020-12-23 11:36:58,359 - log_app - INFO - log message num: 1020
2020-12-23 11:36:58,661 - log_app - INFO - log message num: 1021
2020-12-23 11:36:58,965 - log_app - INFO - log message num: 1022
2020-12-23 11:36:59,268 - log_app - INFO - log message num: 1023
2020-12-23 11:36:59,574 - log_app - INFO - log message num: 1024
2020-12-23 11:36:59,875 - log_app - INFO - log message num: 1025
2020-12-23 11:37:00,180 - log_app - INFO - log message num: 1026
2020-12-23 11:37:00,481 - log_app - INFO - log message num: 1027
2020-12-23 11:37:00,784 - log_app - INFO - log message num: 1028
2020-12-23 11:37:01,087 - log_app - INFO - log message num: 1029
2020-12-23 11:37:01,391 - log_app - INFO - log message num: 1030
2020-12-23 11:37:01,694 - log_app - INFO - log message num: 1031
2020-12-23 11:37:01,995 - log_app - INFO - log message num: 1032
2020-12-23 11:37:02,298 - log_app - INFO - log message num: 1033
2020-12-23 11:37:02,603 - log_app - INFO - log message num: 1034
2020-12-23 11:37:02,905 - log_app - INFO - log message num: 1035
2020-12-23 11:37:03,207 - log_app - INFO - log message num: 1036
2020-12-23 11:37:03,508 - log_app - INFO - log message num: 1037
2020-12-23 11:37:03,813 - log_app - INFO - log message num: 1038
2020-12-23 11:37:04,114 - log_app - INFO - log message num: 1039
2020-12-23 11:37:04,414 - log_app - INFO - log message num: 1040
2020-12-23 11:37:04,717 - log_app - INFO - log message num: 1041
2020-12-23 11:37:05,021 - log_app - INFO - log message num: 1042
2020-12-23 11:37:05,324 - log_app - INFO - log message num: 1043
2020-12-23 11:37:05,625 - log_app - INFO - log message num: 1044
2020-12-23 11:37:05,929 - log_app - INFO - log message num: 1045
2020-12-23 11:37:06,231 - log_app - INFO - log message num: 1046
2020-12-23 11:37:06,535 - log_app - INFO - log message num: 1047
2020-12-23 11:37:06,837 - log_app - INFO - log message num: 1048
2020-12-23 11:37:07,138 - log_app - INFO - log message num: 1049
2020-12-23 11:37:07,441 - log_app - INFO - log message num: 1050
2020-12-23 11:37:07,743 - log_app - INFO - log message num: 1051
2020-12-23 11:37:08,045 - log_app - INFO - log message num: 1052
2020-12-23 11:37:08,348 - log_app - INFO - log message num: 1053
2020-12-23 11:37:08,650 - log_app - INFO - log message num: 1054
2020-12-23 11:37:08,953 - log_app - INFO - log message num: 1055
2020-12-23 11:37:09,257 - log_app - INFO - log message num: 1056
2020-12-23 11:37:09,558 - log_app - INFO - log message num: 1057
2020-12-23 11:37:09,861 - log_app - INFO - log message num: 1058
2020-12-23 11:37:10,163 - log_app - INFO - log message num: 1059
2020-12-23 11:37:10,468 - log_app - INFO - log message num: 1060
2020-12-23 11:37:10,770 - log_app - INFO - log message num: 1061
2020-12-23 11:37:11,074 - log_app - INFO - log message num: 1062
2020-12-23 11:37:11,377 - log_app - INFO - log message num: 1063
2020-12-23 11:37:11,682 - log_app - INFO - log message num: 1064
2020-12-23 11:37:11,984 - log_app - INFO - log message num: 1065
2020-12-23 11:37:12,288 - log_app - INFO - log message num: 1066
2020-12-23 11:37:12,593 - log_app - INFO - log message num: 1067
2020-12-23 11:37:12,895 - log_app - INFO - log message num: 1068
2020-12-23 11:37:13,204 - log_app - INFO - log message num: 1069
2020-12-23 11:37:13,508 - log_app - INFO - log message num: 1070
2020-12-23 11:37:13,809 - log_app - INFO - log message num: 1071
2020-12-23 11:37:14,112 - log_app - INFO - log message num: 1072
2020-12-23 11:37:14,414 - log_app - INFO - log message num: 1073
2020-12-23 11:37:14,718 - log_app - INFO - log message num: 1074
2020-12-23 11:37:15,019 - log_app - INFO - log message num: 1075
2020-12-23 11:37:15,324 - log_app - INFO - log message num: 1076
2020-12-23 11:37:15,627 - log_app - INFO - log message num: 1077
2020-12-23 11:37:15,932 - log_app - INFO - log message num: 1078
2020-12-23 11:37:16,235 - log_app - INFO - log message num: 1079
2020-12-23 11:37:16,536 - log_app - INFO - log message num: 1080
2020-12-23 11:37:16,837 - log_app - INFO - log message num: 1081
2020-12-23 11:37:17,137 - log_app - INFO - log message num: 1082
2020-12-23 11:37:17,442 - log_app - INFO - log message num: 1083
2020-12-23 11:37:17,745 - log_app - INFO - log message num: 1084
2020-12-23 11:37:18,046 - log_app - INFO - log message num: 1085
2020-12-23 11:37:18,347 - log_app - INFO - log message num: 1086
2020-12-23 11:37:18,649 - log_app - INFO - log message num: 1087
2020-12-23 11:37:18,953 - log_app - INFO - log message num: 1088
2020-12-23 11:37:19,257 - log_app - INFO - log message num: 1089
2020-12-23 11:37:19,561 - log_app - INFO - log message num: 1090
2020-12-23 11:37:19,865 - log_app - INFO - log message num: 1091
2020-12-23 11:37:20,168 - log_app - INFO - log message num: 1092
2020-12-23 11:37:20,471 - log_app - INFO - log message num: 1093
2020-12-23 11:37:20,772 - log_app - INFO - log message num: 1094
2020-12-23 11:37:21,076 - log_app - INFO - log message num: 1095
2020-12-23 11:37:21,380 - log_app - INFO - log message num: 1096
2020-12-23 11:37:21,683 - log_app - INFO - log message num: 1097
2020-12-23 11:37:21,988 - log_app - INFO - log message num: 1098
2020-12-23 11:37:22,289 - log_app - INFO - log message num: 1099
2020-12-23 11:37:22,589 - log_app - INFO - log message num: 1100
2020-12-23 11:37:22,893 - log_app - INFO - log message num: 1101
2020-12-23 11:37:23,196 - log_app - INFO - log message num: 1102
2020-12-23 11:37:23,501 - log_app - INFO - log message num: 1103
2020-12-23 11:37:23,803 - log_app - INFO - log message num: 1104
2020-12-23 11:37:24,105 - log_app - INFO - log message num: 1105
2020-12-23 11:37:24,410 - log_app - INFO - log message num: 1106
2020-12-23 11:37:24,714 - log_app - INFO - log message num: 1107
2020-12-23 11:37:25,016 - log_app - INFO - log message num: 1108
2020-12-23 11:37:25,320 - log_app - INFO - log message num: 1109
2020-12-23 11:37:25,621 - log_app - INFO - log message num: 1110
2020-12-23 11:37:25,923 - log_app - INFO - log message num: 1111
2020-12-23 11:37:26,226 - log_app - INFO - log message num: 1112
2020-12-23 11:37:26,529 - log_app - INFO - log message num: 1113
2020-12-23 11:37:26,830 - log_app - INFO - log message num: 1114
2020-12-23 11:37:27,134 - log_app - INFO - log message num: 1115
2020-12-23 11:37:27,435 - log_app - INFO - log message num: 1116
2020-12-23 11:37:27,741 - log_app - INFO - log message num: 1117
2020-12-23 11:37:28,041 - log_app - INFO - log message num: 1118
2020-12-23 11:37:28,342 - log_app - INFO - log message num: 1119
2020-12-23 11:37:28,647 - log_app - INFO - log message num: 1120
2020-12-23 11:37:28,949 - log_app - INFO - log message num: 1121
2020-12-23 11:37:29,254 - log_app - INFO - log message num: 1122
2020-12-23 11:37:29,558 - log_app - INFO - log message num: 1123
2020-12-23 11:37:29,860 - log_app - INFO - log message num: 1124
2020-12-23 11:37:30,161 - log_app - INFO - log message num: 1125
2020-12-23 11:37:30,463 - log_app - INFO - log message num: 1126
2020-12-23 11:37:30,766 - log_app - INFO - log message num: 1127
2020-12-23 11:37:31,071 - log_app - INFO - log message num: 1128
2020-12-23 11:37:31,373 - log_app - INFO - log message num: 1129
2020-12-23 11:37:31,675 - log_app - INFO - log message num: 1130
2020-12-23 11:37:31,980 - log_app - INFO - log message num: 1131
2020-12-23 11:37:32,284 - log_app - INFO - log message num: 1132
2020-12-23 11:37:32,587 - log_app - INFO - log message num: 1133
2020-12-23 11:37:32,888 - log_app - INFO - log message num: 1134
2020-12-23 11:37:33,191 - log_app - INFO - log message num: 1135
2020-12-23 11:37:33,494 - log_app - INFO - log message num: 1136
2020-12-23 11:37:33,795 - log_app - INFO - log message num: 1137
2020-12-23 11:37:34,100 - log_app - INFO - log message num: 1138
2020-12-23 11:37:34,403 - log_app - INFO - log message num: 1139
2020-12-23 11:37:34,704 - log_app - INFO - log message num: 1140
2020-12-23 11:37:35,007 - log_app - INFO - log message num: 1141
2020-12-23 11:37:35,308 - log_app - INFO - log message num: 1142
2020-12-23 11:37:35,613 - log_app - INFO - log message num: 1143
2020-12-23 11:37:35,914 - log_app - INFO - log message num: 1144
2020-12-23 11:37:36,215 - log_app - INFO - log message num: 1145
2020-12-23 11:37:36,515 - log_app - INFO - log message num: 1146
2020-12-23 11:37:36,817 - log_app - INFO - log message num: 1147
2020-12-23 11:37:37,120 - log_app - INFO - log message num: 1148
2020-12-23 11:37:37,421 - log_app - INFO - log message num: 1149
2020-12-23 11:37:37,723 - log_app - INFO - log message num: 1150
2020-12-23 11:37:38,025 - log_app - INFO - log message num: 1151
2020-12-23 11:37:38,329 - log_app - INFO - log message num: 1152
2020-12-23 11:37:38,633 - log_app - INFO - log message num: 1153
2020-12-23 11:37:38,937 - log_app - INFO - log message num: 1154
2020-12-23 11:37:39,242 - log_app - INFO - log message num: 1155
2020-12-23 11:37:39,543 - log_app - INFO - log message num: 1156
2020-12-23 11:37:39,848 - log_app - INFO - log message num: 1157
2020-12-23 11:37:40,153 - log_app - INFO - log message num: 1158
2020-12-23 11:37:40,456 - log_app - INFO - log message num: 1159
2020-12-23 11:37:40,762 - log_app - INFO - log message num: 1160
2020-12-23 11:37:41,066 - log_app - INFO - log message num: 1161
2020-12-23 11:37:41,370 - log_app - INFO - log message num: 1162
2020-12-23 11:37:41,671 - log_app - INFO - log message num: 1163
2020-12-23 11:37:41,976 - log_app - INFO - log message num: 1164
2020-12-23 11:37:42,280 - log_app - INFO - log message num: 1165
2020-12-23 11:37:42,585 - log_app - INFO - log message num: 1166
